gpio-uclass.c:550:12:_gpio_get_value	8	static
gpio-uclass.c:1219:12:devm_gpiod_match	0	static
gpio-uclass.c:1283:12:gpio_post_bind	0	static
gpio-uclass.c:623:12:_dm_gpio_set_dir_flags	24	static
gpio-uclass.c:784:12:get_function	24	static
gpio-uclass.c:54:12:gpio_to_device	24	static
gpio-uclass.c:483:12:check_reserved	24	static
gpio-uclass.c:1137:12:gpio_renumber	32	static
gpio-uclass.c:1185:12:gpio_pre_remove	16	static
gpio-uclass.c:1174:12:gpio_post_probe	8	static
gpio-uclass.c:114:5:dm_gpio_lookup_name	40	static
gpio-uclass.c:159:5:gpio_lookup_name	40	static
gpio-uclass.c:184:5:gpio_xlate_offs_flags	0	static
gpio-uclass.c:348:5:gpio_hog_lookup_name	0	static
gpio-uclass.c:354:5:dm_gpio_request	24	static
gpio-uclass.c:379:12:dm_gpio_requestf	60	static
gpio-uclass.c:406:5:gpio_request	24	static
gpio-uclass.c:428:5:gpio_requestf	60	static
gpio-uclass.c:443:5:_dm_gpio_free	16	static
gpio-uclass.c:471:5:gpio_free	24	static
gpio-uclass.c:510:5:gpio_direction_input	24	static
gpio-uclass.c:534:5:gpio_direction_output	24	static
gpio-uclass.c:559:5:dm_gpio_get_value	8	static
gpio-uclass.c:570:5:dm_gpio_set_value	16	static
gpio-uclass.c:660:5:dm_gpio_set_dir_flags	16	static
gpio-uclass.c:984:12:gpio_request_tail	40	static
gpio-uclass.c:1027:12:_gpio_request_by_name_nodev	128	static
gpio-uclass.c:675:5:dm_gpio_set_dir	8	static
gpio-uclass.c:686:5:dm_gpio_get_dir_flags	32	static
gpio-uclass.c:732:5:gpio_get_value	24	static
gpio-uclass.c:753:5:gpio_set_value	24	static
gpio-uclass.c:764:13:gpio_get_bank_info	8	static
gpio-uclass.c:813:5:gpio_get_function	0	static
gpio-uclass.c:818:5:gpio_get_raw_function	0	static
gpio-uclass.c:823:5:gpio_get_status	64	static
gpio-uclass.c:883:5:gpio_claim_vector	24	static
gpio-uclass.c:914:5:gpio_get_values_as_int	24	static
gpio-uclass.c:934:5:dm_gpio_get_values_as_int	32	static
gpio-uclass.c:1041:5:gpio_request_by_name_nodev	16	static
gpio-uclass.c:1048:5:gpio_request_by_name	128	static
gpio-uclass.c:1100:5:gpio_get_list_count	16	static
gpio-uclass.c:1114:5:dm_gpio_free	0	static
gpio-uclass.c:1214:13:devm_gpiod_release	0	static
gpio-uclass.c:1120:5:gpio_free_list	24	static
gpio-uclass.c:1131:5:gpio_free_list_nodev	0	static
gpio-uclass.c:1062:5:gpio_request_list_by_name_nodev	48	static
gpio-uclass.c:1087:5:gpio_request_list_by_name	0	static
gpio-uclass.c:1162:5:gpio_get_number	8	static
gpio-uclass.c:1199:5:gpio_dev_request_index	104	static
gpio-uclass.c:1224:19:devm_gpiod_get_index	32	static
gpio-uclass.c:1262:19:devm_gpiod_get_index_optional	8	static
gpio-uclass.c:1275:6:devm_gpiod_put	8	static
