mmc.c:1573:12:mmc_set_ios	0	static
mmc.c:989:12:mmc_set_capacity	32	static
mmc.c:40:12:board_mmc_getwp	0	static
mmc.c:45:5:mmc_getwp	8	static
mmc.c:61:12:board_mmc_getcd	0	static
mmc.c:198:5:mmc_send_cmd	0	static
mmc.c:508:12:mmc_go_idle	40	static
mmc.c:671:12:mmc_send_op_cond_iter	40	static
mmc.c:788:12:__mmc_switch.isra.6	56	static
mmc.c:253:5:mmc_send_status	48	static
mmc.c:271:5:mmc_poll_for_busy	24	static
mmc.c:313:5:mmc_set_blocklen	40	static
mmc.c:452:7:mmc_bread	88	static
mmc.c:767:5:mmc_send_ext_csd	56	static
mmc.c:864:12:mmc_set_card_speed.isra.8	592	static
mmc.c:1829:12:mmc_read_and_compare_ext_csd	592	static
mmc.c:2207:12:mmc_startup_v4	624	static
mmc.c:853:5:mmc_switch	0	static
mmc.c:858:5:mmc_boot_wp	0	static
mmc.c:1017:5:mmc_switch_part	32	static
mmc.c:1240:5:mmc_getcd	8	static
mmc.c:1594:5:mmc_set_clock	4	static
mmc.c:2413:12:mmc_startup	424	static
mmc.c:2668:13:board_mmc_power_init	0	static
mmc.c:2771:5:mmc_get_op_cond	56	static
mmc.c:2856:5:mmc_start_init	8	static
mmc.c:2912:5:mmc_init	16	static
mmc.c:2963:5:mmc_set_dsr	0	static
mmc.c:2970:12:cpu_mmc_init	0	static
mmc.c:2976:12:board_mmc_init	0	static
mmc.c:2981:6:mmc_set_preinit	0	static
mmc.c:3025:5:mmc_initialize	8	static
mmc.c:3105:12:mmc_get_env_dev	0	static
