mmc_private.h:58:29:mmc_berase	0	static
mmc_private.h:64:21:mmc_bwrite	0	static
mmc_legacy.c:36:13:find_mmc_device	8	static
mmc_legacy.c:218:12:mmc_select_hwpartp	8	static
mmc_legacy.c:239:12:mmc_get_dev	16	static
mmc_legacy.c:55:5:mmc_get_next_devnum	0	static
mmc_legacy.c:60:18:mmc_get_blk_desc	0	static
mmc_legacy.c:65:5:get_mmc_num	0	static
mmc_legacy.c:70:6:mmc_do_preinit	16	static
mmc_legacy.c:84:6:mmc_list_init	0	static
mmc_legacy.c:90:6:mmc_list_add	0	static
mmc_legacy.c:98:6:print_mmc_devices	32	static
mmc_legacy.c:168:13:mmc_create	16	static
mmc_legacy.c:211:6:mmc_destroy	0	static
