ci_udc.c:377:12:ci_ep_disable	0	static
ci_udc.c:557:12:ci_ep_dequeue	8	static
ci_udc.c:311:13:ci_ep_free_request	8	static
ci_udc.c:287:1:ci_ep_alloc_request	8	static
ci_udc.c:206:13:ci_flush_qh	0	static
ci_udc.c:792:13:stop_activity	24	static
ci_udc.c:236:13:ci_flush_qtd	0	static
ci_udc.c:944:12:ci_udc_probe	24	static
ci_udc.c:331:13:ep_enable	16	static
ci_udc.c:351:12:ci_ep_enable	16	static
ci_udc.c:450:13:ci_ep_submit_next_request	48	static
ci_udc.c:581:12:ci_ep_queue	16	static
ci_udc.c:130:13:ci_init_after_reset	0	static
ci_udc.c:820:6:udc_irq	72	static
ci_udc.c:889:5:ci_udc_handle_interrupts	8	static
ci_udc.c:901:6:udc_disconnect	16	static
ci_udc.c:912:12:ci_pullup	16	static
ci_udc.c:1033:6:dfu_usb_get_reset	0	static
ci_udc.c:1066:6:udc_irq_reset	0	static
ci_udc.c:1087:6:ci_udc_check_bus_active	464	static
ci_udc.c:1134:5:usb_gadget_handle_interrupts	0	static
ci_udc.c:1139:5:usb_gadget_register_driver	16	static
ci_udc.c:1172:5:usb_gadget_unregister_driver	16	static
