clock.c:742:12:enable_pll_enet	0	static
clock.c:80:6:enable_usboh3_clk.part.0	8	static
clock.c:343:12:mxc_get_pll_ddr_derive	24	static
clock.c:69:6:enable_ocotp_clk	0	static
clock.c:74:6:enable_thermal_clk	0	static
clock.c:80:6:enable_usboh3_clk	8	static
clock.c:441:5:get_root_clk	32	static
clock.c:44:5:get_ahb_clk	0	static
clock.c:58:5:imx_get_uartclk	0	static
clock.c:63:5:imx_get_fecclk	0	static
clock.c:493:14:mxc_get_clock	8	static
clock.c:30:5:get_clocks	8	static
clock.c:528:5:enable_i2c_clk	16	static
clock.c:856:5:set_clk_qspi	8	static
clock.c:875:5:set_clk_nand	8	static
clock.c:895:6:mxs_set_lcdclk	24	static
clock.c:961:5:set_clk_enet	16	static
clock.c:1034:6:clock_init	8	static
