nvedit.c:229:12:_do_env_set.isra.0.constprop	56	static
nvedit.c:85:5:env_get_id	0	static
nvedit.c:309:5:env_set	24	static
nvedit.c:330:5:env_set_ulong	8	static
nvedit.c:345:5:env_set_hex	32	static
nvedit.c:819:5:env_match	24	static
nvedit.c:712:5:env_get_f	32	static
nvedit.c:671:7:env_get	40	static
nvedit.c:353:7:env_get_hex	24	static
nvedit.c:368:5:eth_env_get_enetaddr	8	static
nvedit.c:374:5:eth_env_set_enetaddr	40	static
nvedit.c:697:7:from_env	16	static
nvedit.c:761:7:env_get_ulong	16	static
