fat.c:31:13:downcase	8	static
fat.c:46:12:disk_read	16	static
fat.c:164:14:get_fatent	24	static
fat.c:249:1:get_cluster	40	dynamic
fat.c:493:1:read_bootsectandvi	24	static
fat.c:743:12:fat_itr_root	128	static
fat.c:61:5:fat_set_blk_dev	24	dynamic
fat.c:90:5:fat_register_device	136	static
fat.c:811:7:fat_next_cluster	24	static
fat.c:878:19:next_dent	16	static
fat.c:963:12:fat_itr_next	48	static
fat.c:1060:12:fat_itr_resolve	40	static
fat.c:1138:5:file_fat_detectfs	120	static
fat.c:1200:5:fat_exists	64	static
fat.c:1220:5:fat_size	72	static
fat.c:1257:5:file_fat_read_at	120	static
fat.c:1289:5:file_fat_read	40	static
fat.c:1301:5:fat_read_file	48	static
fat.c:1320:5:fat_opendir	24	static
fat.c:1348:5:fat_readdir	16	static
fat.c:1371:6:fat_closedir	8	static
fat.c:1378:6:fat_close	0	static
fat.c:1382:5:fat_uuid	120	static
