dfu.c:235:12:dfu_write_buffer_drain	32	static
dfu.c:35:13:dfu_flush_callback	0	static
dfu.c:43:13:dfu_initiated_callback	0	static
dfu.c:58:13:dfu_usb_get_reset	0	static
dfu.c:176:16:dfu_free_buf	8	static
dfu.c:183:15:dfu_get_buf_size	0	static
dfu.c:188:16:dfu_get_buf	24	static
dfu.c:264:6:dfu_transaction_cleanup	24	static
dfu.c:280:5:dfu_transaction_initiate	16	static
dfu.c:307:5:dfu_flush	16	static
dfu.c:329:5:dfu_write	24	static
dfu.c:450:5:dfu_read	48	static
dfu.c:529:6:dfu_free_entities	24	static
dfu.c:547:5:dfu_alt_init	24	static
dfu.c:570:5:dfu_alt_add	32	static
dfu.c:97:5:dfu_config_interfaces	48	static
dfu.c:589:5:dfu_config_entities	48	static
dfu.c:138:5:dfu_init_env_entities	16	static
dfu.c:611:13:dfu_get_dev_type	48	static
dfu.c:618:13:dfu_get_layout	56	static
dfu.c:626:6:dfu_show_entities	32	static
dfu.c:639:5:dfu_get_alt_number	0	static
dfu.c:644:20:dfu_get_entity	8	static
dfu.c:656:5:dfu_get_alt	24	static
dfu.c:693:5:dfu_write_from_mem_addr	32	static
