fec_mxc.c:439:13:fec_reg_setup	0	static
fec_mxc.c:1285:12:fecmxc_free_pkt	8	static
fec_mxc.c:1064:13:fec_free_descs	16	static
fec_mxc.c:239:12:fec_phy_write	16	static
fec_mxc.c:233:12:fec_phy_read	16	static
fec_mxc.c:411:12:fecmxc_set_hwaddr	16	static
fec_mxc.c:1277:12:fecmxc_read_rom_hwaddr	16	static
fec_mxc.c:661:13:fecmxc_halt	16	static
fec_mxc.c:1566:12:fecmxc_of_to_plat	24	static
fec_mxc.c:1549:12:fecmxc_remove	8	static
fec_mxc.c:705:12:fecmxc_send	24	static
fec_mxc.c:132:12:imx_get_fecclk	0	static
fec_mxc.c:165:13:fec_mii_setspeed.isra.6	8	static
fec_mxc.c:589:12:fecmxc_init	32	static
fec_mxc.c:856:12:fecmxc_recv	32	static
fec_mxc.c:1077:17:fec_get_miibus	16	static
fec_mxc.c:1357:12:fecmxc_probe	112	static
fec_mxc.c:1103:13:init_clk_fec	0	static
