mmc.c:220:12:mmc_send_cmd_retry	24	static
mmc.c:671:12:mmc_send_op_cond_iter	40	static
mmc.c:508:12:mmc_go_idle	40	static
mmc.c:989:12:mmc_set_capacity	32	static
mmc.c:2720:12:mmc_power_on.isra.2	8	static
mmc.c:244:12:mmc_send_cmd_quirks.constprop	0	static
mmc.c:136:13:mmc_mode_name	0	static
mmc.c:253:5:mmc_send_status	40	static
mmc.c:788:12:__mmc_switch	64	static
mmc.c:271:5:mmc_poll_for_busy	24	static
mmc.c:313:5:mmc_set_blocklen	40	static
mmc.c:359:5:mmc_send_tuning	72	dynamic
mmc.c:450:7:mmc_bread	88	static
mmc.c:767:5:mmc_send_ext_csd	56	static
mmc.c:1829:12:mmc_read_and_compare_ext_csd	592	static
mmc.c:853:5:mmc_switch	16	static
mmc.c:2207:12:mmc_startup_v4	624	static
mmc.c:858:5:mmc_boot_wp	0	static
mmc.c:1017:5:mmc_switch_part	32	static
mmc.c:1042:5:mmc_hwpart_config	640	static
mmc.c:1594:5:mmc_set_clock	4	static
mmc.c:1730:12:sd_select_mode_and_width	224	static
mmc.c:864:12:mmc_set_card_speed	608	static
mmc.c:2064:12:mmc_select_mode_and_width	56	static
mmc.c:2413:12:mmc_startup	416	static
mmc.c:1625:6:mmc_dump_capabilities	0	static
mmc.c:1653:5:mmc_voltage_to_mv	0	static
mmc.c:2771:5:mmc_get_op_cond	56	static
mmc.c:2856:5:mmc_start_init	8	static
mmc.c:2912:5:mmc_init	16	static
mmc.c:2940:5:mmc_deinit	0	static
mmc.c:2963:5:mmc_set_dsr	0	static
mmc.c:2970:12:cpu_mmc_init	0	static
mmc.c:2976:12:board_mmc_init	0	static
mmc.c:2981:6:mmc_set_preinit	0	static
mmc.c:3025:5:mmc_initialize	24	static
mmc.c:3051:5:mmc_init_device	16	static
mmc.c:3105:12:mmc_get_env_dev	0	static
