cache_v7.c:186:6:invalidate_icache_all	0	static
cache_v7.c:210:13:v7_outer_cache_enable	0	static
cache_v7.c:211:13:v7_outer_cache_disable	0	static
cache_v7.c:212:13:v7_outer_cache_flush_all	0	static
cache_v7.c:108:6:flush_dcache_all	8	static
cache_v7.c:213:13:v7_outer_cache_inval_all	0	static
cache_v7.c:97:6:invalidate_dcache_all	8	static
cache_v7.c:142:6:arm_init_before_mmu	8	static
cache_v7.c:214:13:v7_outer_cache_flush_range	0	static
cache_v7.c:133:6:flush_dcache_range	16	static
cache_v7.c:149:6:mmu_page_table_flush	8	static
cache_v7.c:215:13:v7_outer_cache_inval_range	0	static
cache_v7.c:119:6:invalidate_dcache_range	16	static
