fs.c:39:19:fs_probe_unsupported	8	static
fs.c:46:19:fs_ls_unsupported	0	static
fs.c:83:19:fs_exists_unsupported	0	static
fs.c:88:19:fs_size_unsupported	0	static
fs.c:93:19:fs_read_unsupported	0	static
fs.c:112:20:fs_close_unsupported	0	static
fs.c:121:19:fs_opendir_unsupported	0	static
fs.c:329:28:fs_get_info	0	static
fs.c:100:19:fs_write_unsupported	0	static
fs.c:132:19:fs_mkdir_unsupported	0	static
fs.c:107:19:fs_ln_unsupported	0	static
fs.c:116:19:fs_uuid_unsupported	0	static
fs.c:127:19:fs_unlink_unsupported	0	static
fs.c:351:5:fs_get_type	0	static
fs.c:364:13:fs_get_type_name	8	static
fs.c:369:5:fs_set_blk_dev	40	static
fs.c:414:5:fs_set_blk_dev_with_part	32	static
fs.c:438:6:fs_close	8	static
fs.c:447:5:fs_uuid	8	static
fs.c:454:5:fs_ls	8	static
fs.c:467:5:fs_exists	8	static
fs.c:480:5:fs_size	16	static
fs.c:562:5:fs_read	40	static
fs.c:568:5:fs_write	48	static
fs.c:588:23:fs_opendir	24	static
fs.c:607:19:fs_readdir	16	static
fs.c:626:6:fs_closedir	8	static
fs.c:53:12:fs_ls_generic	40	static
fs.c:640:5:fs_unlink	8	static
fs.c:653:5:fs_mkdir	8	static
fs.c:666:5:fs_ln	16	static
fs.c:682:5:do_size	24	static
fs.c:701:5:do_load	248	static
fs.c:780:5:do_ls	16	static
fs.c:797:5:file_exists	8	static
fs.c:806:5:do_save	64	static
fs.c:848:5:do_fs_uuid	56	static
fs.c:873:5:do_fs_type	16	static
fs.c:895:5:do_rm	8	static
fs.c:910:5:do_mkdir	8	static
fs.c:930:5:do_ln	8	static
fs.c:945:5:do_fs_types	24	static
