charset.c:37:12:get_code	16	static
charset.c:92:11:read_string	0	static
charset.c:111:11:read_console	8	static
charset.c:121:5:console_read_unicode	16	static
charset.c:140:5:utf8_get	0	static
charset.c:145:5:utf8_put	12	static
charset.c:174:8:utf8_utf16_strnlen	24	static
charset.c:211:5:utf16_get	0	static
charset.c:239:5:utf16_put	0	static
charset.c:195:5:utf8_utf16_strncpy	24	static
charset.c:257:8:utf16_strnlen	24	static
charset.c:275:8:utf16_utf8_strnlen	24	static
charset.c:299:5:utf16_utf8_strncpy	24	static
charset.c:315:5:utf_to_lower	8	static
charset.c:334:5:utf_to_upper	0	static
charset.c:365:5:u16_strncmp	12	static
charset.c:378:8:u16_strlen	0	static
charset.c:390:22:u16_strnlen	0	static
charset.c:397:8:u16_strsize	8	static
charset.c:402:6:u16_strcpy	0	static
charset.c:415:6:u16_strdup	16	static
charset.c:432:10:utf16_to_utf8	20	static
charset.c:484:5:utf_to_cp	8	static
charset.c:502:5:utf8_to_cp437_stream	32	static
charset.c:526:5:utf8_to_utf32_stream	32	static
