fdtdec.c:644:20:get_prop_check_min_len	24	static
fdtdec.c:81:13:fdtdec_get_compatible	0	static
fdtdec.c:265:10:fdtdec_get_uint64	24	static
fdtdec.c:278:5:fdtdec_get_is_enabled	8	static
fdtdec.c:295:20:fdtdec_lookup	24	static
fdtdec.c:307:5:fdtdec_next_compatible	0	static
fdtdec.c:312:5:fdtdec_next_compatible_subnode	24	static
fdtdec.c:327:5:fdtdec_next_alias	72	static
fdtdec.c:359:5:fdtdec_add_aliases_for_id	64	dynamic
fdtdec.c:349:5:fdtdec_find_aliases_for_id	24	static
fdtdec.c:474:5:fdtdec_get_alias_seq	56	static
fdtdec.c:527:5:fdtdec_get_alias_highest_id	32	static
fdtdec.c:560:13:fdtdec_get_chosen_prop	16	static
fdtdec.c:570:5:fdtdec_get_chosen_node	8	static
fdtdec.c:597:5:fdtdec_prepare_fdt	8	static
fdtdec.c:580:5:fdtdec_check_fdt	8	static
fdtdec.c:619:5:fdtdec_lookup_phandle	8	static
fdtdec.c:662:5:fdtdec_get_int_array	32	static
fdtdec.c:971:12:decode_timing_property	40	static
fdtdec.c:680:5:fdtdec_get_int_array_count	16	static
fdtdec.c:700:12:fdtdec_locate_array	24	static
fdtdec.c:711:5:fdtdec_get_bool	16	static
fdtdec.c:721:5:fdtdec_parse_phandle_with_args	48	static
fdtdec.c:845:5:fdtdec_get_byte_array	24	static
fdtdec.c:857:11:fdtdec_locate_byte_array	24	static
fdtdec.c:869:5:fdtdec_get_config_int	16	static
fdtdec.c:881:5:fdtdec_get_config_bool	16	static
fdtdec.c:895:7:fdtdec_get_config_string	24	static
fdtdec.c:913:5:fdtdec_get_number	8	static
fdtdec.c:88:12:fdtdec_get_addr_size_fixed	40	static
fdtdec.c:134:12:fdtdec_get_addr_size_auto_parent	40	static
fdtdec.c:161:12:fdtdec_get_addr_size_auto_noparent	40	static
fdtdec.c:180:12:fdtdec_get_addr_size	24	static
fdtdec.c:190:12:fdtdec_get_addr	0	static
fdtdec.c:923:5:fdt_get_resource	40	static
fdtdec.c:958:5:fdt_get_named_resource	24	static
fdtdec.c:995:5:fdtdec_decode_display_timing	24	static
fdtdec.c:1063:5:fdtdec_setup_mem_size_base	40	static
fdtdec.c:1089:8:get_next_memory_node	16	static
fdtdec.c:1098:5:fdtdec_setup_memory_banksize	40	static
fdtdec.c:1139:5:fdtdec_setup_mem_size_base_lowest	40	static
fdtdec.c:1252:14:board_fdt_blob_setup	0	static
fdtdec.c:1269:5:fdtdec_set_ethernet_mac_address	24	static
fdtdec.c:1330:5:fdtdec_add_reserved_memory	144	static
fdtdec.c:1445:5:fdtdec_get_carveout	40	static
fdtdec.c:1494:5:fdtdec_set_carveout	56	static
fdtdec.c:1548:12:fdtdec_board_setup	0	static
fdtdec.c:1553:5:fdtdec_setup	8	static
fdtdec.c:1652:5:fdtdec_decode_ram_size	56	static
