smbios.c:409:12:smbios_write_type127	16	static
smbios.c:392:12:smbios_write_type32	24	static
smbios.c:81:12:smbios_add_string	24	static
smbios.c:120:12:smbios_add_prop_si.isra.0	8	static
smbios.c:309:12:smbios_write_type3	24	static
smbios.c:202:12:smbios_write_type0	24	static
smbios.c:284:12:smbios_write_type2	24	static
smbios.c:253:12:smbios_write_type1	24	static
smbios.c:366:12:smbios_write_type4	24	static
smbios.c:160:5:smbios_update_version	16	static
smbios.c:435:7:write_smbios_table	72	static
