pxe_utils.c:880:13:eol_or_eof	0	static
pxe_utils.c:301:13:label_print	0	static
pxe_utils.c:266:13:label_destroy	8	static
pxe_utils.c:765:14:get_string	32	static
pxe_utils.c:835:13:get_token	32	static
pxe_utils.c:897:12:parse_sliteral	24	static
pxe_utils.c:917:12:parse_integer	32	static
pxe_utils.c:118:12:get_relfile	560	static
pxe_utils.c:221:12:get_relfile_envaddr	24	static
pxe_utils.c:45:5:format_mac_pxe	32	static
pxe_utils.c:441:12:label_boot	4328	static
pxe_utils.c:156:5:get_pxe_file	16	static
pxe_utils.c:947:12:handle_include	48	static
pxe_utils.c:1205:12:parse_pxefile_top	88	static
pxe_utils.c:197:5:get_pxelinux_path	544	static
pxe_utils.c:1284:6:destroy_pxe_menu	16	static
pxe_utils.c:1313:18:parse_pxefile	24	static
pxe_utils.c:1422:6:handle_pxe_menu	64	static
