pico-imx7d.c:51:5:dram_init	8	static
pico-imx7d.c:65:5:power_init_board	24	static
pico-imx7d.c:167:5:splash_screen_prepare	8	static
pico-imx7d.c:182:5:board_phy_config	24	static
pico-imx7d.c:214:5:board_early_init_f	8	static
pico-imx7d.c:226:6:setup_lcd	8	static
pico-imx7d.c:237:5:board_init	8	static
pico-imx7d.c:252:5:board_late_init	8	static
pico-imx7d.c:270:5:ft_board_setup	32	static
pico-imx7d.c:292:5:checkboard	8	static
pico-imx7d.c:303:5:board_ehci_hcd_init	8	static
pico-imx7d.c:319:12:mmc_map_to_kernel_blk	0	static
pico-imx7d.c:324:5:board_mmc_get_env_dev	0	static
