log.h:613:19:log_init	0	static
board_r.c:98:12:cpu_secondary_init_r	0	static
board_r.c:103:12:initr_trace	0	static
board_r.c:112:12:initr_reloc	0	static
board_r.c:624:12:run_main_loop	8	static
board_r.c:599:12:initr_check_fastboot	8	static
board_r.c:532:12:initr_net	8	static
board_r.c:593:12:initr_fastboot_setup	8	static
board_r.c:488:12:initr_ethaddr	8	static
board_r.c:457:12:initr_env	8	static
board_r.c:417:12:initr_mmc	8	static
board_r.c:256:12:initr_dm	0	static
board_r.c:300:12:initr_bootstage	8	static
board_r.c:220:12:initr_malloc	8	static
board_r.c:138:12:initr_reloc_global_data	8	static
board_r.c:125:12:initr_caches	8	static
board_r.c:189:12:arch_initr_trap	0	static
board_r.c:211:12:initr_barrier	0	static
board_r.c:239:12:initr_of_live	0	static
board_r.c:276:12:initr_dm_devices	0	static
board_r.c:307:12:power_init_board	0	static
board_r.c:312:12:initr_announce	0	static
board_r.c:327:12:initr_binman	0	static
mux.h:120:14:mux_control_states	0	static
mux.h:125:18:mux_control_select	0	static
mux.h:133:5:mux_control_deselect	0	static
mux.h:138:21:mux_control_get	0	static
mux.h:143:6:mux_control_put	0	static
mux.h:147:21:devm_mux_control_get	0	static
mux.h:153:5:dm_mux_init	0	static
board_r.c:88:12:board_flash_wp_on	0	static
board_r.c:133:12:fixup_cpu	0	static
board_r.c:862:6:board_init_r	8	static
