bootm_os.c:48:13:copy_args	24	static
bootm_os.c:156:12:do_bootm_rtems	8	static
bootm_os.c:347:5:do_bootm_vxworks	56	static
bootm_os.c:509:12:do_bootm_efi	16	static
bootm_os.c:222:12:do_bootm_plan9	24	static
bootm_os.c:26:12:do_bootm_standalone	16	static
bootm_os.c:384:12:do_bootm_qnxelf	40	static
bootm_os.c:62:12:do_bootm_netbsd	40	static
bootm_os.c:600:13:arch_preboot_os	0	static
bootm_os.c:606:13:board_preboot_os	0	static
bootm_os.c:611:5:boot_selected_os	24	static
bootm_os.c:629:13:bootm_os_get_boot_func	0	static
