console.c:289:12:console_tstc	32	static
console.c:311:13:console_putc	24	static
console.c:348:13:console_puts	24	static
console.c:330:13:console_puts_select	32	static
console.c:27:12:on_console	24	static
console.c:253:13:console_needs_start_stop	24	static
console.c:449:5:serial_printf	2080	static
console.c:682:6:puts	0	static
console.c:641:6:putc	0	static
console.c:273:12:console_getc.isra.2	8	static
console.c:541:5:getchar	8	static
console.c:564:5:tstc	0	static
console.c:343:6:console_puts_select_stderr	0	static
console.c:421:5:console_start	8	static
console.c:438:6:console_stop	8	static
console.c:467:5:fgetc	16	static
console.c:500:5:ftstc	0	static
console.c:508:6:fputc	0	static
console.c:514:6:fputs	0	static
console.c:520:5:fprintf	2084	static
console.c:771:5:ctrlc	8	static
console.c:790:5:confirm_yesno	16	static
console.c:817:5:disable_ctrlc	0	static
console.c:825:5:had_ctrlc	0	static
console.c:830:6:clear_ctrlc	0	static
console.c:837:19:console_search_dev	8	static
console.c:853:5:console_assign	16	static
console.c:891:5:console_announce_r	208	static
console.c:905:5:console_init_f	0	static
console.c:916:6:stdio_print_current_devices	8	static
console.c:943:5:console_init_r	32	static
