image-fit.c:799:12:fit_image_get_address	24	static
image-fit.c:85:5:fit_parse_conf	24	static
image-fit.c:111:5:fit_parse_subimage	24	static
image-fit.c:149:5:fit_get_subimage_count	24	static
image-fit.c:591:5:fit_get_desc	16	static
image-fit.c:619:5:fit_get_timestamp	16	static
image-fit.c:651:5:fit_image_get_node	16	static
image-fit.c:685:5:fit_image_get_os	16	static
image-fit.c:717:5:fit_image_get_arch	16	static
image-fit.c:749:5:fit_image_get_type	16	static
image-fit.c:781:5:fit_image_get_comp	16	static
image-fit.c:841:5:fit_image_get_load	0	static
image-fit.c:863:5:fit_image_get_entry	0	static
image-fit.c:883:5:fit_image_get_data	24	static
image-fit.c:910:5:fit_image_get_data_offset	8	static
image-fit.c:934:5:fit_image_get_data_position	8	static
image-fit.c:959:5:fit_image_get_data_size	8	static
image-fit.c:983:5:fit_image_get_data_size_unciphered	8	static
image-fit.c:1013:5:fit_image_get_data_and_size	32	static
image-fit.c:1060:5:fit_image_hash_get_algo	16	static
image-fit.c:1088:5:fit_image_hash_get_value	24	static
image-fit.c:184:13:fit_image_print_data	48	static
image-fit.c:251:13:fit_image_print_verification_data	24	static
image-fit.c:469:6:fit_image_print	56	static
image-fit.c:365:6:fit_print_contents	56	static
image-fit.c:1146:5:fit_image_cipher_get_algo	0	static
image-fit.c:1159:7:fit_get_end	0	static
image-fit.c:1177:5:fit_set_timestamp	24	static
image-fit.c:1213:5:calculate_hash	32	static
image-fit.c:1295:5:fit_image_verify_with_data	88	static
image-fit.c:1372:5:fit_image_verify	24	static
image-fit.c:1403:5:fit_all_image_verify	40	static
image-fit.c:1479:5:fit_image_check_os	16	static
image-fit.c:1501:5:fit_image_check_arch	16	static
image-fit.c:1530:5:fit_image_check_type	16	static
image-fit.c:1553:5:fit_image_check_comp	16	static
image-fit.c:1590:5:fit_check_format	16	static
image-fit.c:1701:5:fit_conf_find_compat	72	static
image-fit.c:1802:5:fit_conf_get_node	32	static
image-fit.c:1862:5:fit_conf_get_prop_node_count	0	static
image-fit.c:1868:5:fit_conf_get_prop_node_index	32	static
image-fit.c:1882:5:fit_conf_get_prop_node	0	static
image-fit.c:1904:5:fit_get_node_from_config	16	static
image-fit.c:1964:5:fit_image_load	104	static
image-fit.c:2219:5:boot_get_setup_fit	56	static
image-fit.c:2240:5:boot_get_fdt_fit	72	static
