image-android.c:243:13:append_kernel_cmdline	16	static
image-android.c:135:13:append_androidboot_args	584	static
image-android.c:105:14:android_image_get_kernel_addr	0	static
image-android.c:72:9:add_bootconfig_trailer	40	static
image-android.c:282:5:append_runtime_bootconfig	2080	static
image-android.c:328:5:android_image_get_kernel	2088	static
image-android.c:416:5:android_image_get_kernel_v3	2080	static
image-android.c:488:5:android_image_check_header	0	static
image-android.c:645:13:android_image_get_dtb_img_addr	24	static
image-android.c:493:5:android_image_check_header_v3	8	static
image-android.c:499:7:android_image_get_end	16	static
image-android.c:522:7:android_image_get_kload	0	static
image-android.c:527:7:android_image_get_kcomp	0	static
image-android.c:539:5:android_image_get_ramdisk	16	static
image-android.c:558:5:android_image_get_second	16	static
image-android.c:596:6:android_image_get_dtbo	24	static
image-android.c:697:6:android_image_get_dtb_by_index	40	static
image-android.c:765:6:android_print_contents	32	static
image-android.c:855:6:android_image_print_dtb_contents	48	static
image-android.c:911:6:image_arm64	0	static
image-android.c:922:10:kernel_size	0	static
image-android.c:933:7:kernel_relocate_addr	8	static
