stdio.c:47:13:nulldev_putc	0	static
stdio.c:52:13:nulldev_puts	0	static
stdio.c:57:12:nulldev_input	0	static
stdio.c:97:12:stdio_serial_tstc	0	static
stdio.c:92:12:stdio_serial_getc	0	static
stdio.c:87:13:stdio_serial_puts	0	static
stdio.c:82:13:stdio_serial_putc	0	static
stdio.c:33:5:stdio_file_to_flags	0	static
stdio.c:128:19:stdio_get_list	0	static
stdio.c:184:19:stdio_get_by_name	40	static
stdio.c:218:19:stdio_clone	16	static
stdio.c:234:5:stdio_register_dev	8	static
stdio.c:248:5:stdio_register	0	static
stdio.c:253:5:stdio_deregister_dev	80	static
stdio.c:288:5:stdio_init_tables	0	static
stdio.c:308:5:stdio_add_devices	160	static
stdio.c:400:5:stdio_init	8	static
