i2c_core.c:15:21:i2c_get_adapter	8	static
i2c_core.c:174:13:i2c_init_bus	16	static
i2c_core.c:189:13:i2c_init_board	0	static
i2c_core.c:194:13:i2c_early_init_f	0	static
i2c_core.c:219:14:i2c_get_bus_num	0	static
i2c_core.c:238:5:i2c_set_bus_num	16	static
i2c_core.c:206:6:i2c_init_all	8	static
i2c_core.c:275:5:i2c_probe	16	static
i2c_core.c:292:5:i2c_read	32	static
i2c_core.c:298:5:i2c_write	32	static
i2c_core.c:304:14:i2c_set_bus_speed	16	static
i2c_core.c:317:14:i2c_get_bus_speed	8	static
i2c_core.c:323:9:i2c_reg_read	24	static
i2c_core.c:337:6:i2c_reg_write	24	static
i2c_core.c:347:13:i2c_init	0	static
