mxc_i2c.c:204:12:wait_for_sr_state	56	static
mxc_i2c.c:238:12:tx_byte	16	static
mxc_i2c.c:180:12:bus_i2c_set_bus_speed	16	static
mxc_i2c.c:820:12:mxc_i2c_set_bus_speed	0	static
mxc_i2c.c:268:13:i2c_imx_stop	8	static
mxc_i2c.c:259:6:__i2c_force_reset_slave	0	static
mxc_i2c.c:398:5:i2c_idle_bus	0	static
mxc_i2c.c:515:12:i2c_init_transfer	56	static
mxc_i2c.c:764:12:mxc_i2c_probe	8	static
mxc_i2c.c:747:12:mxc_i2c_read	40	static
mxc_i2c.c:754:12:mxc_i2c_write	24	static
mxc_i2c.c:499:6:i2c_early_init_f	8	static
mxc_i2c.c:647:5:__enable_i2c_clk	0	static
mxc_i2c.c:742:21:i2c_get_base	0	static
mxc_i2c.c:769:6:bus_i2c_init	16	static
mxc_i2c.c:812:13:mxc_i2c_init	16	static
