part.c:29:28:part_driver_lookup_type	16	static
part.c:79:18:blk_get_dev	8	static
part.c:123:6:dev_print	48	static
part.c:235:6:part_init	16	static
part.c:308:6:part_print	16	static
part.c:327:5:part_get_info	16	static
part.c:361:5:part_get_info_whole_disk	16	static
part.c:380:5:blk_get_device_by_str	40	static
part.c:440:5:blk_get_device_part_str	168	static
part.c:661:5:part_get_info_by_name_type	32	static
part.c:686:5:part_get_info_by_name	0	static
part.c:740:5:part_get_info_by_dev_and_name_or_num	40	static
part.c:765:6:part_set_generic_name	16	static
