lmb.c:278:13:lmb_overlaps_region	16	static
lmb.c:145:13:lmb_add_region	32	static
lmb.c:18:6:lmb_dump_all_force	24	static
lmb.c:44:6:lmb_dump_all	0	static
lmb.c:101:6:lmb_init	0	static
lmb.c:215:6:lmb_add	0	static
lmb.c:222:6:lmb_free	24	static
lmb.c:271:6:lmb_reserve	0	static
lmb.c:293:6:lmb_reserve_overlap	32	static
lmb.c:351:13:__lmb_alloc_base	40	static
lmb.c:333:13:lmb_alloc_base	16	static
lmb.c:328:13:lmb_alloc	0	static
lmb.c:396:13:lmb_alloc_addr	16	static
lmb.c:419:13:lmb_get_free_size	16	static
lmb.c:445:5:lmb_is_reserved	12	static
lmb.c:458:13:board_lmb_reserve	0	static
lmb.c:463:13:arch_lmb_reserve	0	static
lmb.c:119:6:lmb_init_and_reserve	8	static
lmb.c:136:6:lmb_init_and_reserve_range	8	static
