ehci-hcd.c:126:12:ehci_get_port_speed	0	static
ehci-hcd.c:131:13:ehci_set_usbmode	0	static
ehci-hcd.c:153:18:ehci_get_portsc_register	0	static
ehci-hcd.c:1686:12:ehci_get_max_xfer_size	0	static
ehci-hcd.c:147:13:ehci_powerup_fixup	0	static
ehci-hcd.c:167:12:handshake	24	static
ehci-hcd.c:245:12:ehci_td_buffer	16	static
ehci-hcd.c:211:12:ehci_shutdown	24	static
ehci-hcd.c:1454:14:_ehci_poll_int_queue	24	static
ehci-hcd.c:1672:14:ehci_poll_int_queue	0	static
ehci-hcd.c:325:12:ehci_disable_async.part.1	8	static
ehci-hcd.c:1274:1:disable_periodic.isra.2	8	static
ehci-hcd.c:1253:1:enable_periodic.isra.3	8	static
ehci-hcd.c:117:26:ehci_get_ctrl.isra.6	8	static
ehci-hcd.c:1495:12:_ehci_destroy_int_queue	32	static
ehci-hcd.c:1679:12:ehci_destroy_int_queue	0	static
ehci-hcd.c:289:13:ehci_update_endpt2_dev_n_port.isra.7	16	static
ehci-hcd.c:372:1:ehci_submit_async	296	static
ehci-hcd.c:1647:12:ehci_submit_bulk_msg	4	static
ehci-hcd.c:1293:26:_ehci_create_int_queue.isra.8	72	static
ehci-hcd.c:1663:26:ehci_create_int_queue	4	static
ehci-hcd.c:1654:12:ehci_submit_int_msg	32	static
ehci-hcd.c:1637:12:ehci_submit_control_msg	56	static
ehci-hcd.c:1697:12:ehci_lock_async	8	static
ehci-hcd.c:1704:5:ehci_register	32	static
ehci-hcd.c:1750:5:ehci_deregister	8	static
ehci-hcd.c:1830:5:ehci_setup_phy	0	static
ehci-hcd.c:1835:5:ehci_shutdown_phy	0	static
