fat.c:31:13:downcase	8	static
fat.c:777:13:fat_itr_child	12	static
fat.c:46:12:disk_read	16	static
fat_write.c:190:12:disk_write	16	static
fat_write.c:213:12:flush_dirty_fat_buffer	24	static
fat.c:164:14:get_fatent	32	static
fat_write.c:436:12:set_fatent_value	32	static
fat_write.c:543:14:determine_fatent	16	static
fat_write.c:865:12:clear_fatent	24	static
fat.c:249:1:get_cluster	40	dynamic
fat.c:493:1:read_bootsectandvi	24	static
fat.c:743:12:fat_itr_root	128	static
fat_write.c:1208:12:split_filename	32	static
fat_write.c:48:12:str2fat	32	static
fat_write.c:574:1:set_sectors.isra.2	40	dynamic
fat_write.c:1290:12:normalize_longname	40	static
fat_write.c:650:12:flush_dir	24	static
fat_write.c:1488:12:delete_single_dentry	16	static
fat_write.c:929:1:set_contents	144	static
fat.c:61:5:fat_set_blk_dev	24	dynamic
fat.c:90:5:fat_register_device	136	static
fat.c:811:7:fat_next_cluster	24	static
fat.c:878:19:next_dent	16	static
fat.c:963:12:fat_itr_next	48	static
fat.c:1060:12:fat_itr_resolve	40	static
fat_write.c:1184:19:find_directory_entry	16	static
fat_write.c:391:1:fill_dir_slot	672	static
fat_write.c:76:12:fat_move_to_cluster	24	static
fat_write.c:103:12:set_name	80	static
fat_write.c:258:12:fat_find_empty_dentries	56	static
fat.c:1138:5:file_fat_detectfs	120	static
fat.c:1200:5:fat_exists	64	static
fat.c:1220:5:fat_size	72	static
fat.c:1257:5:file_fat_read_at	120	static
fat.c:1289:5:file_fat_read	40	static
fat.c:1301:5:fat_read_file	48	static
fat.c:1320:5:fat_opendir	24	static
fat.c:1348:5:fat_readdir	16	static
fat.c:1371:6:fat_closedir	8	static
fat.c:1378:6:fat_close	0	static
fat.c:1382:5:fat_uuid	120	static
fat_write.c:1312:5:file_fat_write_at	392	static
fat_write.c:1439:5:file_fat_write	40	static
fat_write.c:1566:5:fat_unlink	136	static
fat_write.c:1637:5:fat_mkdir	392	static
