regulator-uclass.c:314:13:regulator_show	16	static
regulator-uclass.c:422:12:regulator_pre_probe	16	static
regulator-uclass.c:396:12:regulator_post_bind	32	static
regulator-uclass.c:16:5:regulator_mode	8	static
regulator-uclass.c:30:5:regulator_get_value	8	static
regulator-uclass.c:82:5:regulator_set_suspend_value	16	static
regulator-uclass.c:99:5:regulator_get_suspend_value	8	static
regulator-uclass.c:113:5:regulator_set_value_force	16	static
regulator-uclass.c:123:5:regulator_get_current	8	static
regulator-uclass.c:133:5:regulator_set_current	16	static
regulator-uclass.c:150:5:regulator_get_enable	8	static
regulator-uclass.c:51:5:regulator_set_value	32	static
regulator-uclass.c:160:5:regulator_set_enable	24	static
regulator-uclass.c:191:5:regulator_set_enable_if_allowed	8	static
regulator-uclass.c:202:5:regulator_set_suspend_enable	16	static
regulator-uclass.c:212:5:regulator_get_suspend_enable	8	static
regulator-uclass.c:222:5:regulator_get_mode	8	static
regulator-uclass.c:232:5:regulator_set_mode	16	static
regulator-uclass.c:242:5:regulator_get_by_platname	24	static
regulator-uclass.c:269:5:regulator_get_by_devname	0	static
regulator-uclass.c:274:5:device_get_supply_regulator	0	static
regulator-uclass.c:281:5:regulator_autoset	16	static
regulator-uclass.c:331:5:regulator_autoset_by_name	16	static
regulator-uclass.c:347:5:regulator_list_autoset	40	static
regulator-uclass.c:472:5:regulators_enable_boot_on	24	static
