efi_boottime.c:630:21:efi_is_event	0	static
efi_boottime.c:159:20:indent_string	16	static
efi_boottime.c:95:5:__efi_entry_check	8	static
efi_boottime.c:107:5:__efi_exit_check	8	static
efi_boottime.c:197:13:efi_process_event_queue	32	static
efi_boottime.c:229:13:efi_queue_event	12	static
efi_boottime.c:2770:20:efi_set_mem	16	static
efi_boottime.c:2751:20:efi_copy_mem	16	static
efi_boottime.c:2724:28:efi_calculate_crc32	16	static
efi_boottime.c:2268:28:efi_set_watchdog_timer	8	static
efi_boottime.c:2214:28:efi_get_next_monotonic_count	16	static
efi_boottime.c:1409:28:efi_register_protocol_notify	24	static
efi_boottime.c:985:28:efi_close_event	40	static
efi_boottime.c:481:28:efi_free_pool_ext	8	static
efi_boottime.c:459:28:efi_allocate_pool_ext	16	static
efi_boottime.c:430:28:efi_get_memory_map_ext	24	static
efi_boottime.c:404:28:efi_free_pages_ext	16	static
efi_boottime.c:381:28:efi_allocate_pages_ext	16	static
efi_boottime.c:324:29:efi_raise_tpl	16	static
efi_boottime.c:125:6:efi_save_gd	0	static
efi_boottime.c:139:6:efi_restore_gd	8	static
efi_boottime.c:168:13:__efi_nesting	0	static
efi_boottime.c:173:13:__efi_nesting_inc	0	static
efi_boottime.c:178:13:__efi_nesting_dec	0	static
efi_boottime.c:261:14:is_valid_tpl	0	static
efi_boottime.c:284:6:efi_signal_event	24	static
efi_boottime.c:2120:28:efi_exit_boot_services	16	static
efi_boottime.c:965:28:efi_signal_event_ext	16	static
efi_boottime.c:498:6:efi_add_handle	0	static
efi_boottime.c:512:14:efi_create_handle	8	static
efi_boottime.c:660:14:efi_create_event	40	static
efi_boottime.c:735:21:efi_create_event_ex	24	static
efi_boottime.c:780:28:efi_create_event_ext	24	static
efi_boottime.c:802:6:efi_timer_check	32	static
efi_boottime.c:2241:28:efi_stall	24	static
efi_boottime.c:1032:28:efi_check_event	16	static
efi_boottime.c:906:28:efi_wait_for_event	32	static
efi_boottime.c:349:20:efi_restore_tpl	8	static
efi_boottime.c:840:14:efi_set_timer	40	static
efi_boottime.c:885:28:efi_set_timer_ext	16	static
efi_boottime.c:1054:20:efi_search_obj	0	static
efi_boottime.c:534:14:efi_search_protocol	24	static
efi_boottime.c:567:14:efi_remove_protocol	24	static
efi_boottime.c:2514:28:efi_locate_protocol	32	static
efi_boottime.c:2341:28:efi_open_protocol_information	32	static
efi_boottime.c:1504:21:efi_locate_handle	32	static
efi_boottime.c:2468:21:efi_locate_handle_buffer	40	static
efi_boottime.c:1797:28:efi_locate_device_path	64	static
efi_boottime.c:1595:28:efi_locate_handle_ext	24	static
efi_boottime.c:590:14:efi_remove_all_protocols	16	static
efi_boottime.c:615:6:efi_delete_handle	8	static
efi_boottime.c:2292:21:efi_close_protocol	32	static
efi_boottime.c:3061:21:efi_delete_image	32	static
efi_boottime.c:2404:28:efi_protocols_per_handle	24	static
efi_boottime.c:1111:14:efi_add_protocol	32	static
efi_boottime.c:1172:28:efi_install_protocol_interface	16	static
efi_boottime.c:1634:14:efi_install_configuration_table	32	static
efi_boottime.c:1694:28:efi_install_configuration_table_ext	8	static
efi_boottime.c:1716:14:efi_setup_loaded_image	32	static
efi_boottime.c:2787:14:efi_protocol_open	32	static
efi_boottime.c:2905:28:efi_open_protocol	48	static
efi_boottime.c:3612:28:efi_disconnect_controller	56	static
efi_boottime.c:1284:21:efi_disconnect_all_drivers	32	static
efi_boottime.c:1323:21:efi_uninstall_protocol	32	static
efi_boottime.c:1375:28:efi_uninstall_protocol_interface	16	static
efi_boottime.c:2586:21:efi_install_multiple_protocol_interfaces	48	static
efi_boottime.c:2660:28:efi_uninstall_multiple_protocol_interfaces	24	static
efi_boottime.c:2977:21:efi_start_image	88	static
efi_boottime.c:3114:21:efi_unload_image	32	static
efi_boottime.c:3299:21:efi_handle_protocol	16	static
efi_boottime.c:2026:21:efi_load_image	80	static
efi_boottime.c:3315:21:efi_bind_controller	40	static
efi_boottime.c:3433:28:efi_connect_controller	56	static
efi_boottime.c:3501:28:efi_reinstall_protocol_interface	24	static
efi_boottime.c:3208:28:efi_exit	40	static
efi_boottime.c:3774:14:efi_initialize_system_table	16	static
