efi_var_mem.c:32:1:efi_var_mem_compare	20	static
efi_var_mem.c:238:1:efi_var_mem_notify_virtual_address_map	8	static
efi_var_mem.c:64:2:efi_var_mem_find	40	static
efi_var_mem.c:313:1:efi_get_next_variable_name_mem	32	static
efi_var_mem.c:277:1:efi_get_variable_mem	24	static
efi_var_mem.c:109:20:efi_var_mem_del	24	static
efi_var_mem.c:221:1:efi_var_mem_notify_exit_boot_services	16	static
efi_var_mem.c:136:28:efi_var_mem_ins	40	static
efi_var_mem.c:178:19:efi_var_mem_free	0	static
efi_var_mem.c:244:14:efi_var_mem_init	40	static
efi_var_mem.c:349:6:efi_var_buf_update	0	static
