efi_file.c:704:28:efi_file_getpos	16	static
efi_file.c:988:28:efi_file_flush_ex	16	static
efi_file.c:56:12:set_blk_dev.isra.0	0	static
efi_file.c:175:32:file_open	64	static
efi_file.c:1088:1:efi_open_volume	32	static
efi_file.c:379:28:efi_file_delete	16	static
efi_file.c:249:21:efi_file_open_int	40	static
efi_file.c:337:28:efi_file_open_ex	40	static
efi_file.c:308:28:efi_file_open	32	static
efi_file.c:594:21:efi_file_write_int	40	static
efi_file.c:671:28:efi_file_write_ex	16	static
efi_file.c:646:28:efi_file_write	16	static
efi_file.c:400:21:efi_get_file_size	16	static
efi_file.c:764:28:efi_file_getinfo	160	static
efi_file.c:732:28:efi_file_setpos	32	static
efi_file.c:511:21:efi_file_read_int	72	static
efi_file.c:571:28:efi_file_read_ex	16	static
efi_file.c:547:28:efi_file_read	16	static
efi_file.c:372:28:efi_file_close	8	static
efi_file.c:965:28:efi_file_flush	8	static
efi_file.c:865:28:efi_file_setinfo	40	static
efi_file.c:1035:25:efi_file_from_path	56	static
efi_file.c:1101:1:efi_simple_file_system	24	static
