ehci-hcd.c:126:12:ehci_get_port_speed	0	static
ehci-hcd.c:131:13:ehci_set_usbmode	0	static
ehci-hcd.c:153:18:ehci_get_portsc_register	0	static
ehci-hcd.c:147:13:ehci_powerup_fixup	0	static
ehci-hcd.c:167:12:handshake	24	static
ehci-hcd.c:211:12:ehci_shutdown	24	static
ehci-hcd.c:245:12:ehci_td_buffer	16	static
ehci-hcd.c:1454:14:_ehci_poll_int_queue	24	static
ehci-hcd.c:325:12:ehci_disable_async.part.4	8	static
ehci-hcd.c:1274:1:disable_periodic.isra.5	8	static
ehci-hcd.c:1253:1:enable_periodic.isra.6	8	static
ehci-hcd.c:1495:12:_ehci_destroy_int_queue	32	static
ehci-hcd.c:289:13:ehci_update_endpt2_dev_n_port.isra.7	16	static
ehci-hcd.c:372:1:ehci_submit_async	296	static
ehci-hcd.c:1293:26:_ehci_create_int_queue.isra.9	72	static
ehci-hcd.c:1038:6:ehci_set_controller_priv	24	static
ehci-hcd.c:1046:7:ehci_get_controller_priv	0	static
ehci-hcd.c:1162:5:usb_lowlevel_stop	8	static
ehci-hcd.c:1168:5:usb_lowlevel_init	40	static
ehci-hcd.c:1591:5:submit_bulk_msg	16	static
ehci-hcd.c:1597:5:submit_control_msg	56	static
ehci-hcd.c:1603:5:submit_int_msg	32	static
ehci-hcd.c:1610:19:create_int_queue	0	static
ehci-hcd.c:1618:7:poll_int_queue	0	static
ehci-hcd.c:1623:5:destroy_int_queue	0	static
ehci-hcd.c:1628:5:usb_lock_async	0	static
ehci-hcd.c:1830:5:ehci_setup_phy	0	static
ehci-hcd.c:1835:5:ehci_shutdown_phy	0	static
