eth-uclass.c:45:32:eth_get_uclass_priv	16	static
eth-uclass.c:589:12:eth_pre_remove	16	static
eth-uclass.c:195:12:eth_write_hwaddr	16	static
eth-uclass.c:227:12:on_ethaddr	24	static
eth-uclass.c:509:12:eth_post_probe	32	static
eth-uclass.c:465:12:eth_post_bind	8	static
eth-uclass.c:58:6:eth_set_current_to_next	8	static
eth-uclass.c:75:17:eth_get_dev	8	static
eth-uclass.c:94:6:eth_set_dev	8	static
eth-uclass.c:480:12:eth_pre_unbind	8	static
eth-uclass.c:109:17:eth_get_dev_by_name	32	static
eth-uclass.c:146:16:eth_get_ethaddr	8	static
eth-uclass.c:159:5:eth_init_state_only	8	static
eth-uclass.c:175:6:eth_halt_state_only	8	static
eth-uclass.c:188:5:eth_get_dev_index	8	static
eth-uclass.c:255:5:eth_init	24	static
eth-uclass.c:319:6:eth_halt	16	static
eth-uclass.c:337:5:eth_is_active	8	static
eth-uclass.c:348:5:eth_send	16	static
eth-uclass.c:372:5:eth_rx	24	static
eth-uclass.c:408:5:eth_initialize	32	static
