spl.c:60:13:show_boot_progress	0	static
spl.c:101:13:spl_perform_fixups	0	static
spl.c:105:6:spl_fixup_fdt	0	static
spl.c:134:7:spl_get_image_pos	0	static
spl.c:141:7:spl_get_image_size	0	static
spl.c:148:7:spl_get_image_text_base	0	static
spl.c:159:13:spl_board_prepare_for_linux	0	static
spl.c:164:13:spl_board_prepare_for_boot	0	static
spl.c:169:29:spl_get_load_buffer	0	static
spl.c:174:6:spl_set_header_raw_uboot	0	static
spl.c:267:12:spl_parse_legacy_header	0	static
spl.c:275:5:spl_parse_image_header	8	static
spl.c:334:24:jump_to_image_no_args	8	static
spl.c:450:5:spl_alloc_bd	8	static
spl.c:465:5:spl_early_init	8	static
spl.c:479:5:spl_init	8	static
spl.c:501:13:board_boot_order	8	static
spl.c:598:6:board_init_r	72	static
spl.c:753:6:preloader_console_init	8	static
spl.c:776:13:spl_relocate_stack_check	0	static
spl.c:812:7:spl_relocate_stack_gd	0	static
