device.c:773:24:_device_find_global_by_ofnode	16	static
device.c:295:14:alloc_priv	16	static
device.c:273:5:device_reparent	12	static
device.c:588:7:dev_get_plat	8	static
device.c:598:7:dev_get_parent_plat	8	static
device.c:608:7:dev_get_uclass_plat	8	static
device.c:37:12:device_bind_common.isra.11	40	static
device.c:232:5:device_bind_with_driver_data	24	static
device.c:241:5:device_bind	24	static
device.c:249:5:device_bind_by_name	40	static
device.c:618:7:dev_get_priv	8	static
device.c:628:7:dev_get_uclass_priv	8	static
device.c:638:7:dev_get_parent_priv	8	static
device.c:387:5:device_of_to_plat	16	static
device.c:474:5:device_probe	16	static
device.c:648:12:device_get_device_tail.part.10	16	static
device.c:692:5:device_get_child	8	static
device.c:705:5:device_get_child_count	0	static
device.c:716:5:device_find_child_by_seq	12	static
device.c:733:5:device_get_child_by_seq	16	static
device.c:745:5:device_find_child_by_of_offset	12	static
device.c:762:5:device_get_child_by_of_offset	16	static
device.c:790:5:device_find_global_by_ofnode	8	static
device.c:797:5:device_get_global_by_ofnode	8	static
device.c:833:5:device_find_first_child	0	static
device.c:845:5:device_find_next_child	0	static
device.c:860:5:device_find_first_inactive_child	16	static
device.c:878:5:device_find_first_child_by_uclass	12	static
device.c:895:5:device_find_child_by_name	24	static
device.c:912:5:device_first_child_err	16	static
device.c:923:5:device_next_child_err	16	static
device.c:934:5:device_first_child_ofdata_err	16	static
device.c:952:5:device_next_child_ofdata_err	16	static
device.c:970:17:dev_get_parent	0	static
device.c:975:7:dev_get_driver_data	0	static
device.c:980:13:dev_get_driver_ops	0	static
device.c:988:16:device_get_uclass_id	0	static
device.c:993:13:dev_get_uclass_name	0	static
device.c:1001:6:device_has_children	0	static
device.c:1006:6:device_has_active_children	16	static
device.c:1020:6:device_is_last_sibling	0	static
device.c:1029:6:device_set_name_alloced	0	static
device.c:1034:5:device_set_name	8	static
device.c:1045:6:dev_set_priv	0	static
device.c:1050:6:dev_set_parent_priv	0	static
device.c:1055:6:dev_set_uclass_priv	0	static
device.c:1060:6:dev_set_plat	0	static
device.c:1065:6:dev_set_parent_plat	0	static
device.c:1070:6:dev_set_uclass_plat	0	static
device.c:1076:6:device_is_compatible	8	static
device.c:1081:6:of_machine_is_compatible	8	static
device.c:1088:5:dev_disable_by_path	8	static
device.c:1118:5:dev_enable_by_path	8	static
