ofnode.c:34:5:ofnode_read_u32_index	24	static
ofnode.c:21:5:ofnode_read_u32	0	static
ofnode.c:26:5:ofnode_read_u32_default	16	static
ofnode.c:65:5:ofnode_read_u32_index_default	16	static
ofnode.c:74:5:ofnode_read_s32_default	16	static
ofnode.c:82:5:ofnode_read_u64	24	static
ofnode.c:106:5:ofnode_read_u64_default	16	static
ofnode.c:128:13:ofnode_read_prop	24	static
ofnode.c:160:13:ofnode_read_string	16	static
ofnode.c:178:5:ofnode_read_size	16	static
ofnode.c:188:8:ofnode_find_subnode	8	static
ofnode.c:214:5:ofnode_read_u32_array	16	static
ofnode.c:526:12:decode_timing_property	16	static
ofnode.c:231:6:ofnode_is_enabled	8	static
ofnode.c:241:8:ofnode_first_subnode	8	static
ofnode.c:251:8:ofnode_next_subnode	8	static
ofnode.c:262:8:ofnode_get_parent	8	static
ofnode.c:276:13:ofnode_get_name	0	static
ofnode.c:289:8:ofnode_get_by_phandle	8	static
ofnode.c:350:5:ofnode_stringlist_search	8	static
ofnode.c:371:5:ofnode_read_string_index	32	static
ofnode.c:388:5:ofnode_read_string_count	0	static
ofnode.c:416:5:ofnode_parse_phandle_with_args	104	static
ofnode.c:448:5:ofnode_count_phandle_with_args	32	static
ofnode.c:460:8:ofnode_path	8	static
ofnode.c:468:13:ofnode_read_chosen_prop	16	static
ofnode.c:477:13:ofnode_read_chosen_string	0	static
ofnode.c:482:8:ofnode_get_chosen_node	8	static
ofnode.c:493:13:ofnode_read_aliases_prop	16	static
ofnode.c:502:8:ofnode_get_aliases_node	8	static
ofnode.c:515:5:ofnode_get_child_count	8	static
ofnode.c:614:13:ofnode_get_property	4	static
ofnode.c:114:6:ofnode_read_bool	8	static
ofnode.c:549:5:ofnode_decode_display_timing	24	static
ofnode.c:623:5:ofnode_get_first_property	8	static
ofnode.c:642:5:ofnode_get_next_property	8	static
ofnode.c:659:13:ofnode_get_property_by_prop	4	static
ofnode.c:671:6:ofnode_is_available	0	static
ofnode.c:680:12:ofnode_get_addr_size	4	static
ofnode.c:708:16:ofnode_read_u8_array_ptr	4	static
ofnode.c:726:5:ofnode_read_pci_addr	32	static
ofnode.c:780:5:ofnode_read_pci_vendev	40	static
ofnode.c:816:5:ofnode_read_addr_cells	8	static
ofnode.c:828:5:ofnode_read_size_cells	8	static
ofnode.c:840:5:ofnode_read_simple_addr_cells	0	static
ofnode.c:848:5:ofnode_read_simple_size_cells	0	static
ofnode.c:302:12:ofnode_get_addr_size_index	40	static
ofnode.c:338:12:ofnode_get_addr_index	16	static
ofnode.c:345:12:ofnode_get_addr	0	static
ofnode.c:856:6:ofnode_pre_reloc	8	static
ofnode.c:882:5:ofnode_read_resource	32	static
ofnode.c:902:5:ofnode_read_resource_byname	16	static
ofnode.c:914:5:ofnode_translate_address	0	static
ofnode.c:922:5:ofnode_translate_dma_address	0	static
ofnode.c:930:5:ofnode_get_dma_range	16	static
ofnode.c:939:5:ofnode_device_is_compatible	8	static
ofnode.c:950:8:ofnode_by_compatible	8	static
ofnode.c:962:8:ofnode_by_prop_value	16	static
ofnode.c:976:5:ofnode_write_prop	0	static
ofnode.c:1023:5:ofnode_write_string	0	static
ofnode.c:1035:5:ofnode_set_enabled	0	static
