uclass.c:26:16:uclass_find	12	static
uclass.c:111:5:uclass_destroy	16	static
uclass.c:145:5:uclass_get	24	static
uclass.c:158:13:uclass_get_name	16	static
uclass.c:167:7:uclass_get_priv	0	static
uclass.c:172:6:uclass_set_priv	0	static
uclass.c:177:16:uclass_get_by_name	16	static
uclass.c:191:5:dev_get_uclass_index	20	static
uclass.c:212:5:uclass_find_device	24	static
uclass.c:235:5:uclass_find_first_device	16	static
uclass.c:252:5:uclass_find_next_device	0	static
uclass.c:265:5:uclass_find_device_by_name	24	static
uclass.c:289:5:uclass_find_next_free_seq	8	static
uclass.c:312:5:uclass_find_device_by_seq	24	static
uclass.c:339:5:uclass_find_device_by_of_offset	24	static
uclass.c:363:5:uclass_find_device_by_ofnode	24	static
uclass.c:395:5:uclass_find_device_by_phandle	32	static
uclass.c:426:5:uclass_get_device_by_driver	24	static
uclass.c:446:5:uclass_get_device_tail	16	static
uclass.c:461:5:uclass_get_device	16	static
uclass.c:471:5:uclass_get_device_by_name	16	static
uclass.c:482:5:uclass_get_device_by_seq	16	static
uclass.c:493:5:uclass_get_device_by_of_offset	16	static
uclass.c:504:5:uclass_get_device_by_ofnode	16	static
uclass.c:520:5:uclass_get_device_by_phandle_id	24	static
uclass.c:546:5:uclass_get_device_by_phandle	16	static
uclass.c:558:5:uclass_first_device	16	static
uclass.c:570:5:uclass_first_device_err	8	static
uclass.c:583:5:uclass_next_device	16	static
uclass.c:595:5:uclass_next_device_err	8	static
uclass.c:608:5:uclass_first_device_check	8	static
uclass.c:622:5:uclass_next_device_check	8	static
uclass.c:635:5:uclass_first_device_drvdata	24	static
uclass.c:652:5:uclass_bind_device	8	static
uclass.c:679:5:uclass_unbind_device	8	static
uclass.c:696:5:uclass_pre_probe_device	8	static
uclass.c:720:5:uclass_post_probe_device	8	static
uclass.c:745:5:uclass_pre_remove_device	0	static
uclass.c:761:5:uclass_probe_all	16	static
